//
//  Copyright (C) 2010 - 2011 - DIGITEO - Allan CORNET
//  Copyright (C) 2011 - DIGITEO - Michael Baudin
//
//  This file must be used under the terms of the CeCILL.
//  This source file is licensed as described in the file COPYING, which
//  you should have received as part of this distribution.  The terms
//  are also available at
//  http://www.cecill.info/licences/Licence_CeCILL_V2-en.txt
//
// <-- JVM NOT MANDATORY -->
path = fullfile(csv_getToolboxPath(),"tests","unit_tests");
exec(fullfile(path,"myassert_checkequal.sci"));
// =============================================================================
Mstr = [
"1" "0" "0" "0" "0"
"0" "1" "0" "0" "0"
"0" "0" "1" "0" "0"
];
//
r = csv_read(fullfile(path,"M_1.csv"),[],[],"string");
myassert_checkequal (r,Mstr);
//
r = csv_read(fullfile(path,"M_2.csv"), ascii(9), [], "string");
myassert_checkequal (r,Mstr);
//
r = csv_read(fullfile(path,"M_3.csv"), " ", ",", "string");
myassert_checkequal (r,Mstr);
//
r = csv_read(fullfile(path,"M_4.csv"), ";", ",", "string");
myassert_checkequal (r,Mstr);
// =============================================================================
Nstr = [
"Nan"   "1"    "Nan"
"-Inf"  "Inf"  "4"
];
//
r = csv_read(fullfile(path,"N_1.csv"), [], [], "string");
myassert_checkequal (r,Nstr);
//
r = csv_read(fullfile(path,"N_2.csv"), ascii(9), [], "string");
myassert_checkequal (r,Nstr);
//
r = csv_read(fullfile(path,"N_3.csv"), " ", ",", "string");
myassert_checkequal (r,Nstr);
//
r = csv_read(fullfile(path,"N_4.csv"), ";", ",", "string");
myassert_checkequal (r,Nstr);
// =============================================================================
Kstr = [
"1.1000000000000001" "0.10000000000000001"
"0.10000000000000001" "1.1000000000000001"
"0.10000000000000001" "0.10000000000000001"
];
Kstr2 = [
"1,1000000000000001" "0,10000000000000001"
"0,10000000000000001" "1,1000000000000001"
"0,10000000000000001" "0,10000000000000001"
];
//
r = csv_read(fullfile(path,"K_1.csv"), [], [], "string");
myassert_checkequal (r,Kstr);
//
r = csv_read(fullfile(path,"K_2.csv"), ascii(9), [], "string");
myassert_checkequal (r,Kstr);
//
r = csv_read(fullfile(path,"K_3.csv"), " ", ",", "string");
myassert_checkequal (r,Kstr2);
//
r = csv_read(fullfile(path,"K_4.csv"), ";", ",", "string");
myassert_checkequal (r,Kstr2);
// =============================================================================
S = [
  "Allan",                  "2", "CORNET";
  "csv read/write toolbox", "3", "for scilab"
];
//
r = csv_read(fullfile(path,"S_1.csv"), "|", [], "string");
myassert_checkequal (r,S);
//
r = csv_read(fullfile(path,"S_2.csv"), ascii(9), [], "string");
myassert_checkequal (r,S);
//
r = csv_read(fullfile(path,"S_3.csv"), "!", ",", "string");
myassert_checkequal (r,S);
//
r = csv_read(fullfile(path,"S_4.csv"), ";", ",", "string");
myassert_checkequal (r,S);
//
r = csv_read(fullfile(path,"S_1.csv"), "|", ".", "string");
myassert_checkequal (r,S);
//
r = csv_read(fullfile(path,"S_1.csv"), "|", ".", "double");
ref = [complex(%nan,%nan) , 2, complex(%nan,%nan); complex(%nan,%nan), 3, complex(%nan,%nan)];
myassert_checkequal ( r , ref);
// =============================================================================
filename = fullfile(path,"datas.csv");
N = csv_read(filename,",",".","double",["Nan", "0"]);
expected = [%inf, 0];
myassert_checkequal ( N , expected );
// =============================================================================
