//
//  Copyright (C) 2010 - 2011 - DIGITEO - Allan CORNET
//
//  This file must be used under the terms of the CeCILL.
//  This source file is licensed as described in the file COPYING, which
//  you should have received as part of this distribution.  The terms
//  are also available at
//  http://www.cecill.info/licences/Licence_CeCILL_V2-en.txt
//
// =============================================================================
r1_string = csv_read(csv_getToolboxPath() + "tests/nonreg_tests/bug_5.csv", ",", [], "string");
r1_double = csv_read(csv_getToolboxPath() + "tests/nonreg_tests/bug_5.csv", ",", ".", "double");
// =============================================================================
if size(r1_string, "c") <> size(r1_double, "c") then bugmes();quit;end
if size(r1_string, "r") <> size(r1_double, "r") then bugmes();quit;end
// =============================================================================
if size(r1_string, "c") <> 1 then bugmes();quit;end
if size(r1_string, "r") <> 372 then bugmes();quit;end
// =============================================================================
if r1_string(1) <> "0" then bugmes();quit;end
if r1_double(1) <> 0 then bugmes();quit;end
// =============================================================================
if r1_string(2) <> "-0" then bugmes();quit;end
if r1_double(2) <> 0 then bugmes();quit;end
// =============================================================================
if r1_string(3) <> "1e-308" then bugmes();quit;end
if r1_double(3) <> 1e-308 then bugmes();quit;end
// =============================================================================
if r1_string(4) <> "1e308" then bugmes();quit;end
if r1_double(4) <> 1e308 then bugmes();quit;end
// =============================================================================
if r1_string(372) <> "0.001236" then bugmes();quit;end
if r1_double(372) <> 0.001236 then bugmes();quit;end
// =============================================================================
